// Jest Snapshot v1, https://goo.gl/fbAQLP

exports[`Solver Processing CBD.gtnh should process without errors 1`] = `
[
  {
    "crafterCount": 20.833333333333332,
    "id": "r~DStdDbtsP5eiwVd7nAz-5g==",
    "overclockFactor": 4,
    "perfectOverclocks": 0,
    "powerFactor": 4,
    "recipesPerMinute": 500,
  },
  {
    "crafterCount": 2.666666666666667,
    "id": "r~zhSZFh9ePli1CBf9Rk33Ww==",
    "overclockFactor": 2,
    "perfectOverclocks": 0,
    "powerFactor": 2,
    "recipesPerMinute": 100,
  },
  {
    "crafterCount": 0.25,
    "id": "r~cf-_qtXOPKGPUfgN-cWUMg==",
    "overclockFactor": 2,
    "perfectOverclocks": 0,
    "powerFactor": 2,
    "recipesPerMinute": 30,
  },
  {
    "crafterCount": 0.5555555555,
    "id": "r~l2FjDHxgN6eFY5Nh5GDsjQ==",
    "overclockFactor": 2,
    "perfectOverclocks": 0,
    "powerFactor": 2,
    "recipesPerMinute": 33.33333333,
  },
  {
    "crafterCount": 0.26666666666666666,
    "id": "r~6d6Jz4MeNgKuIQ3jz7ZtRw==",
    "overclockFactor": 1,
    "perfectOverclocks": 0,
    "powerFactor": 1,
    "recipesPerMinute": 20,
  },
  {
    "crafterCount": 1.2000000000000002,
    "id": "r~RGBQX9sdOHClgw6dB72FUQ==",
    "overclockFactor": 1,
    "perfectOverclocks": 0,
    "powerFactor": 1,
    "recipesPerMinute": 12,
  },
  {
    "crafterCount": 0.7249999998,
    "id": "r~-meWwGJJNq-R2BNAP5GT0Q==",
    "overclockFactor": 1,
    "perfectOverclocks": 0,
    "powerFactor": 1,
    "recipesPerMinute": 12.08333333,
  },
  {
    "crafterCount": 0.48,
    "id": "r~-5WYqt_OOQOL1KobhH2Etg==",
    "overclockFactor": 1,
    "perfectOverclocks": 0,
    "powerFactor": 1,
    "recipesPerMinute": 1.2,
  },
  {
    "crafterCount": 0.64,
    "id": "r~_S_QGJNlMVuNJgE-nZGArg==",
    "overclockFactor": 4,
    "perfectOverclocks": 1,
    "powerFactor": 1,
    "recipesPerMinute": 9.6,
  },
  {
    "crafterCount": 0.16,
    "id": "r~kbREhVx_Pcm2pvmM0J_uZw==",
    "overclockFactor": 1,
    "perfectOverclocks": 0,
    "powerFactor": 1,
    "recipesPerMinute": 1.2,
  },
  {
    "crafterCount": 0.03,
    "id": "r~wkTeJcA-NqmoPtJB9QOLkw==",
    "overclockFactor": 16,
    "perfectOverclocks": 2,
    "powerFactor": 1,
    "recipesPerMinute": 1.2,
  },
  {
    "crafterCount": 0.028888888166666668,
    "id": "r~Ak_OcW52MnmRZCxuHuMl4w==",
    "overclockFactor": 1,
    "perfectOverclocks": 0,
    "powerFactor": 1,
    "recipesPerMinute": 0.13333333,
  },
  {
    "crafterCount": 7.000000000000001,
    "id": "r~Vo5NG-W1M1qWhHFbnPFotw==",
    "overclockFactor": 4,
    "perfectOverclocks": 0,
    "powerFactor": 4,
    "recipesPerMinute": 16.8,
  },
  {
    "crafterCount": 0.6272,
    "id": "r~Pp7iDy-XNLegdUTznfsy9g==",
    "overclockFactor": 1,
    "perfectOverclocks": 0,
    "powerFactor": 1,
    "recipesPerMinute": 1.68,
  },
  {
    "crafterCount": 0.8205128199999999,
    "id": "r~5CozmSF-OgOeq8r9xLa3Tg==",
    "overclockFactor": 4,
    "perfectOverclocks": 0,
    "powerFactor": 4,
    "recipesPerMinute": 2.46153846,
  },
  {
    "crafterCount": 0.769230769375,
    "id": "r~Ypoytta6PUeIoQetrBcqEQ==",
    "overclockFactor": 4,
    "perfectOverclocks": 0,
    "powerFactor": 4,
    "recipesPerMinute": 12.30769231,
  },
]
`;

exports[`Solver Processing EG+CBD.gtnh should process without errors 1`] = `
[
  {
    "crafterCount": 0.8,
    "id": "r~uQV72BLKO9qbDRZhuMXzCg==",
    "overclockFactor": 1,
    "perfectOverclocks": 0,
    "powerFactor": 1,
    "recipesPerMinute": 30,
  },
  {
    "crafterCount": 0.03125,
    "id": "r~9rGvUYyFOUGDcGRqGaaHig==",
    "overclockFactor": 16,
    "perfectOverclocks": 2,
    "powerFactor": 1,
    "recipesPerMinute": 3.75,
  },
  {
    "crafterCount": 0.009375,
    "id": "r~dEl9scyrND2k_RSsUQYibQ==",
    "overclockFactor": 16,
    "perfectOverclocks": 2,
    "powerFactor": 1,
    "recipesPerMinute": 1.125,
  },
  {
    "crafterCount": 0.010416666666666666,
    "id": "r~pvEmmC8zOeeTaStnzuNc-Q==",
    "overclockFactor": 16,
    "perfectOverclocks": 2,
    "powerFactor": 1,
    "recipesPerMinute": 1.25,
  },
  {
    "crafterCount": 0.003125,
    "id": "r~uUTP7HjjMTiWd52sV3WnWg==",
    "overclockFactor": 16,
    "perfectOverclocks": 2,
    "powerFactor": 1,
    "recipesPerMinute": 0.375,
  },
  {
    "crafterCount": 0.09541666675,
    "id": "r~wkTeJcA-NqmoPtJB9QOLkw==",
    "overclockFactor": 16,
    "perfectOverclocks": 2,
    "powerFactor": 1,
    "recipesPerMinute": 3.81666667,
  },
  {
    "crafterCount": 0.010355902760416666,
    "id": "r~Ey4AokADNpCs3RPpJT1LNQ==",
    "overclockFactor": 16,
    "perfectOverclocks": 2,
    "powerFactor": 1,
    "recipesPerMinute": 1.98833333,
  },
  {
    "crafterCount": 0.234375,
    "id": "r~le5F4V7IPWOxtOA_aooz0g==",
    "overclockFactor": 1,
    "perfectOverclocks": 0,
    "powerFactor": 1,
    "recipesPerMinute": 2.8125,
  },
  {
    "crafterCount": 0.0625,
    "id": "r~f70N1-LkO0KJyA7yrTZ7ag==",
    "overclockFactor": 1,
    "perfectOverclocks": 0,
    "powerFactor": 1,
    "recipesPerMinute": 0.75,
  },
  {
    "crafterCount": 0.01953125,
    "id": "r~h6Bxj6yeNxWRw8a5FAUyKA==",
    "overclockFactor": 4,
    "perfectOverclocks": 1,
    "powerFactor": 1,
    "recipesPerMinute": 6.25,
  },
  {
    "crafterCount": 0.18000000000000002,
    "id": "r~RGBQX9sdOHClgw6dB72FUQ==",
    "overclockFactor": 1,
    "perfectOverclocks": 0,
    "powerFactor": 1,
    "recipesPerMinute": 1.8,
  },
  {
    "crafterCount": 0.9375,
    "id": "r~-MMjPqvaM_aJNwSYxddjQg==",
    "overclockFactor": 1,
    "perfectOverclocks": 0,
    "powerFactor": 1,
    "recipesPerMinute": 2.8125,
  },
  {
    "crafterCount": 0.0203125,
    "id": "r~7mAJJ07tMQqjSU3dY1cKIw==",
    "overclockFactor": 16,
    "perfectOverclocks": 2,
    "powerFactor": 1,
    "recipesPerMinute": 6.5,
  },
  {
    "crafterCount": 0.006,
    "id": "r~qbmu-PuSOumwXRGxHJSv1Q==",
    "overclockFactor": 4,
    "perfectOverclocks": 1,
    "powerFactor": 1,
    "recipesPerMinute": 0.18,
  },
  {
    "crafterCount": 0.018,
    "id": "r~MzS3q8iUMdiaypgter36-w==",
    "overclockFactor": 4,
    "perfectOverclocks": 1,
    "powerFactor": 1,
    "recipesPerMinute": 0.18,
  },
  {
    "crafterCount": 0.0703125,
    "id": "r~zp2-dVK8PsWq_OKHwt7vBQ==",
    "overclockFactor": 4,
    "perfectOverclocks": 1,
    "powerFactor": 1,
    "recipesPerMinute": 2.8125,
  },
  {
    "crafterCount": 0.6,
    "id": "r~1s-GG8HfOtmyR5CIZnBALg==",
    "overclockFactor": 1,
    "perfectOverclocks": 0,
    "powerFactor": 1,
    "recipesPerMinute": 1.8,
  },
  {
    "crafterCount": 0.384,
    "id": "r~_S_QGJNlMVuNJgE-nZGArg==",
    "overclockFactor": 1,
    "perfectOverclocks": 0,
    "powerFactor": 1,
    "recipesPerMinute": 1.44,
  },
  {
    "crafterCount": 0.038888889083333336,
    "id": "r~i4DREKRWNaa-qPungrRcww==",
    "overclockFactor": 16,
    "perfectOverclocks": 2,
    "powerFactor": 1,
    "recipesPerMinute": 0.66666667,
  },
  {
    "crafterCount": 0.61875,
    "id": "r~3Y9FZkN3PPWc15-_RgUMzA==",
    "overclockFactor": 1,
    "perfectOverclocks": 0,
    "powerFactor": 0.9,
    "recipesPerMinute": 24.75,
  },
  {
    "crafterCount": 0.7425,
    "id": "r~PQvgLKUWOLGxZ-qu1VUREg==",
    "overclockFactor": 2,
    "perfectOverclocks": 0,
    "powerFactor": 2,
    "recipesPerMinute": 14.85,
  },
  {
    "crafterCount": 1.4833333333333334,
    "id": "r~NmdZbNwsOnC81x2YKCurvg==",
    "overclockFactor": 2,
    "perfectOverclocks": 0,
    "powerFactor": 2,
    "recipesPerMinute": 222.5,
  },
  {
    "crafterCount": 0.6675,
    "id": "r~KmkIBJ0bNSyDmt4NNHr52g==",
    "overclockFactor": 2,
    "perfectOverclocks": 0,
    "powerFactor": 2,
    "recipesPerMinute": 1.78,
  },
  {
    "crafterCount": 0.8425,
    "id": "r~8H_OPuR5OYGeAD6mduoERw==",
    "overclockFactor": 2,
    "perfectOverclocks": 0,
    "powerFactor": 2,
    "recipesPerMinute": 84.25,
  },
  {
    "crafterCount": 0.693,
    "id": "r~T-mpF0VyMRG53A4IYEjaag==",
    "overclockFactor": 1,
    "perfectOverclocks": 0,
    "powerFactor": 1,
    "recipesPerMinute": 10.395,
  },
  {
    "crafterCount": 0.5933333333333333,
    "id": "r~FmdZ0cQdOrq72CEoFyKxXw==",
    "overclockFactor": 2,
    "perfectOverclocks": 0,
    "powerFactor": 2,
    "recipesPerMinute": 7.12,
  },
]
`;

exports[`Solver Processing Endstone Dust.gtnh should process without errors 1`] = `
[
  {
    "crafterCount": 12,
    "id": "r~erPXJVP9NLKA0yVSdrCsYA==",
    "overclockFactor": 1,
    "perfectOverclocks": 0,
    "powerFactor": 1,
    "recipesPerMinute": 1.25,
  },
  {
    "crafterCount": 0.1875,
    "id": "r~b-AuYUZjMr2Lktz1Dzo-yQ==",
    "overclockFactor": 1,
    "perfectOverclocks": 0,
    "powerFactor": 1,
    "recipesPerMinute": 45,
  },
  {
    "crafterCount": 1.5,
    "id": "r~-kCyP2WAPZa7BBXVFXflKQ==",
    "overclockFactor": 10,
    "perfectOverclocks": 0,
    "powerFactor": 0,
    "recipesPerMinute": 45,
  },
]
`;

exports[`Solver Processing Epoxid.gtnh should process without errors 1`] = `
[
  {
    "crafterCount": 0.1,
    "id": "r~GGFsnPVuObGs6ap0fkUTWQ==",
    "overclockFactor": 1,
    "perfectOverclocks": 0,
    "powerFactor": 1,
    "recipesPerMinute": 0.25,
  },
  {
    "crafterCount": 0.26666666666666666,
    "id": "r~NbXvUN_1OyWfHknGb2lCow==",
    "overclockFactor": 1,
    "perfectOverclocks": 0,
    "powerFactor": 1,
    "recipesPerMinute": 0.5,
  },
  {
    "crafterCount": 0.23333333333333334,
    "id": "r~npQElb2vPQCMKB-u-oiOJg==",
    "overclockFactor": 1,
    "perfectOverclocks": 0,
    "powerFactor": 1,
    "recipesPerMinute": 0.25,
  },
  {
    "crafterCount": 1.05,
    "id": "r~1grR9LTlPnCnF96dS-LcXQ==",
    "overclockFactor": 1,
    "perfectOverclocks": 0,
    "powerFactor": 1,
    "recipesPerMinute": 1.75,
  },
  {
    "crafterCount": 0.75,
    "id": "r~tETtUrBcMt-zVtZkSuU4pg==",
    "overclockFactor": 1,
    "perfectOverclocks": 0,
    "powerFactor": 1,
    "recipesPerMinute": 1.25,
  },
  {
    "crafterCount": 0.0625,
    "id": "r~xDD_lTDhMdaw1icPRS82VQ==",
    "overclockFactor": 1,
    "perfectOverclocks": 0,
    "powerFactor": 1,
    "recipesPerMinute": 1.5,
  },
  {
    "crafterCount": 0.25,
    "id": "r~hySq2aL9P_ue7fFGZmO2BQ==",
    "overclockFactor": 1,
    "perfectOverclocks": 0,
    "powerFactor": 1,
    "recipesPerMinute": 1.25,
  },
  {
    "crafterCount": 0.3125,
    "id": "r~J3h1EXkHOyW5tuYYMC1b1Q==",
    "overclockFactor": 1,
    "perfectOverclocks": 0,
    "powerFactor": 1,
    "recipesPerMinute": 1.5625,
  },
]
`;

exports[`Solver Processing HOG 2.gtnh should process without errors 1`] = `
[
  {
    "crafterCount": 0.9600000000000001,
    "id": "r~zhSZFh9ePli1CBf9Rk33Ww==",
    "overclockFactor": 1,
    "perfectOverclocks": 0,
    "powerFactor": 1,
    "recipesPerMinute": 18,
  },
  {
    "crafterCount": 0.0125,
    "id": "r~pvEmmC8zOeeTaStnzuNc-Q==",
    "overclockFactor": 16,
    "perfectOverclocks": 2,
    "powerFactor": 1,
    "recipesPerMinute": 1.5,
  },
  {
    "crafterCount": 0.011250000000000001,
    "id": "r~dEl9scyrND2k_RSsUQYibQ==",
    "overclockFactor": 16,
    "perfectOverclocks": 2,
    "powerFactor": 1,
    "recipesPerMinute": 1.35,
  },
  {
    "crafterCount": 0.005,
    "id": "r~9rGvUYyFOUGDcGRqGaaHig==",
    "overclockFactor": 16,
    "perfectOverclocks": 2,
    "powerFactor": 1,
    "recipesPerMinute": 0.6,
  },
  {
    "crafterCount": 0.005625000000000001,
    "id": "r~uUTP7HjjMTiWd52sV3WnWg==",
    "overclockFactor": 16,
    "perfectOverclocks": 2,
    "powerFactor": 1,
    "recipesPerMinute": 0.675,
  },
  {
    "crafterCount": 0.031592666166666665,
    "id": "r~qaI7ykaVN0qOzhXAtwTylg==",
    "overclockFactor": 1,
    "perfectOverclocks": 0,
    "powerFactor": 0.9,
    "recipesPerMinute": 1.89555997,
  },
  {
    "crafterCount": 0.30022866616666666,
    "id": "r~hOTHXnOWPDeYpfzVxo4j7A==",
    "overclockFactor": 1,
    "perfectOverclocks": 0,
    "powerFactor": 0.7,
    "recipesPerMinute": 18.01371997,
  },
  {
    "crafterCount": 0.9006859985000001,
    "id": "r~Q24XsgMgOuO4sK_JwIIk6g==",
    "overclockFactor": 2,
    "perfectOverclocks": 0,
    "powerFactor": 2,
    "recipesPerMinute": 18.01371997,
  },
  {
    "crafterCount": 0.2475,
    "id": "r~-meWwGJJNq-R2BNAP5GT0Q==",
    "overclockFactor": 1,
    "perfectOverclocks": 0,
    "powerFactor": 1,
    "recipesPerMinute": 4.125,
  },
  {
    "crafterCount": 0.018258575,
    "id": "r~I0NxXpHbPueywU8_KBIx5w==",
    "overclockFactor": 4,
    "perfectOverclocks": 1,
    "powerFactor": 1,
    "recipesPerMinute": 4.382058,
  },
  {
    "crafterCount": 0.0034116893958333334,
    "id": "r~tAYC8vdiNzODxjEXyYF-Vg==",
    "overclockFactor": 4,
    "perfectOverclocks": 1,
    "powerFactor": 1,
    "recipesPerMinute": 1.63761091,
  },
  {
    "crafterCount": 0.03752858333333333,
    "id": "r~7HBeWx-JOzG2ML_dPrlJfQ==",
    "overclockFactor": 1,
    "perfectOverclocks": 0,
    "powerFactor": 1,
    "recipesPerMinute": 0.900686,
  },
  {
    "crafterCount": 0.017058446875,
    "id": "r~le5F4V7IPWOxtOA_aooz0g==",
    "overclockFactor": 4,
    "perfectOverclocks": 1,
    "powerFactor": 1,
    "recipesPerMinute": 0.81880545,
  },
  {
    "crafterCount": 0.08517149999999998,
    "id": "r~BhbqFVoMPA2LNqYCpXKHWg==",
    "overclockFactor": 4,
    "perfectOverclocks": 1,
    "powerFactor": 1,
    "recipesPerMinute": 1.022058,
  },
  {
    "crafterCount": 0.0056292875,
    "id": "r~miseS507O3-dbVSJZMwoqA==",
    "overclockFactor": 4,
    "perfectOverclocks": 1,
    "powerFactor": 1,
    "recipesPerMinute": 0.5404116,
  },
  {
    "crafterCount": 0.0682337875,
    "id": "r~EWWL78vuP1mYr5DPmex7hw==",
    "overclockFactor": 4,
    "perfectOverclocks": 1,
    "powerFactor": 1,
    "recipesPerMinute": 0.81880545,
  },
  {
    "crafterCount": 0.11,
    "id": "r~1s-GG8HfOtmyR5CIZnBALg==",
    "overclockFactor": 4,
    "perfectOverclocks": 1,
    "powerFactor": 1,
    "recipesPerMinute": 1.32,
  },
  {
    "crafterCount": 0.035,
    "id": "r~o0XD1yxzPqmrFWZH4RGS1Q==",
    "overclockFactor": 1,
    "perfectOverclocks": 0,
    "powerFactor": 0.7,
    "recipesPerMinute": 2.1,
  },
  {
    "crafterCount": 0.15971481216666666,
    "id": "r~OeOnQU5UMRqesXevfKfIBw==",
    "overclockFactor": 1,
    "perfectOverclocks": 0,
    "powerFactor": 0.7,
    "recipesPerMinute": 9.58288873,
  },
  {
    "crafterCount": 0.018000000000000002,
    "id": "r~KrvZ0ALNNey6kJhRLOO_sA==",
    "overclockFactor": 1,
    "perfectOverclocks": 0,
    "powerFactor": 0.7,
    "recipesPerMinute": 1.08,
  },
  {
    "crafterCount": 0.126,
    "id": "r~gWdhuL1WP1SNR7aEHR4MXw==",
    "overclockFactor": 2,
    "perfectOverclocks": 0,
    "powerFactor": 2,
    "recipesPerMinute": 2.52,
  },
  {
    "crafterCount": 0.06480000000000001,
    "id": "r~pbCR9m3ePVuCHrx4rlFzCA==",
    "overclockFactor": 2,
    "perfectOverclocks": 0,
    "powerFactor": 2,
    "recipesPerMinute": 1.296,
  },
  {
    "crafterCount": 0.5749733235,
    "id": "r~ceCR-96IMrir98b_7KZH9A==",
    "overclockFactor": 2,
    "perfectOverclocks": 0,
    "powerFactor": 2,
    "recipesPerMinute": 11.49946647,
  },
  {
    "crafterCount": 0.09477799850000002,
    "id": "r~4c9tuSl_N46wT4ZGOOfQPw==",
    "overclockFactor": 2,
    "perfectOverclocks": 0,
    "powerFactor": 2,
    "recipesPerMinute": 1.89555997,
  },
  {
    "crafterCount": 0.14,
    "id": "r~dV7-hCYcObW5Ef1EpaQ8vQ==",
    "overclockFactor": 1,
    "perfectOverclocks": 0,
    "powerFactor": 1,
    "recipesPerMinute": 4.2,
  },
  {
    "crafterCount": 0.5560459990000001,
    "id": "r~xVl-3rClNb2H8wbuopXWIw==",
    "overclockFactor": 1,
    "perfectOverclocks": 0,
    "powerFactor": 1,
    "recipesPerMinute": 5.56045999,
  },
  {
    "crafterCount": 0.21999999999999997,
    "id": "r~pn5djyOYPR2tjUBiczKRDA==",
    "overclockFactor": 4,
    "perfectOverclocks": 1,
    "powerFactor": 1,
    "recipesPerMinute": 3.3,
  },
  {
    "crafterCount": 0.13646757583333333,
    "id": "r~9rfnwtlWPsW6iEWKzNOgDQ==",
    "overclockFactor": 1,
    "perfectOverclocks": 0,
    "powerFactor": 1,
    "recipesPerMinute": 1.63761091,
  },
  {
    "crafterCount": 0.28649347413333337,
    "id": "r~1rOcFRhTP_KnH7hbNHyHwA==",
    "overclockFactor": 1,
    "perfectOverclocks": 0,
    "powerFactor": 1,
    "recipesPerMinute": 2.68587632,
  },
]
`;

exports[`Solver Processing Hydrogen.gtnh should process without errors 1`] = `
[
  {
    "crafterCount": 0.036111111,
    "id": "r~vwGjeHKRMYafTU0rNvrgwQ==",
    "overclockFactor": 1,
    "perfectOverclocks": 0,
    "powerFactor": 1,
    "recipesPerMinute": 1.08333333,
  },
  {
    "crafterCount": 1.9499999985000003,
    "id": "r~eNy9mMjjM-WzQWAmhpEIUw==",
    "overclockFactor": 1,
    "perfectOverclocks": 0,
    "powerFactor": 1,
    "recipesPerMinute": 4.33333333,
  },
  {
    "crafterCount": 0.036111111,
    "id": "r~TZUWVC7hPdex_jxmeb5XMA==",
    "overclockFactor": 1,
    "perfectOverclocks": 0,
    "powerFactor": 1,
    "recipesPerMinute": 1.08333333,
  },
]
`;

exports[`Solver Processing Mercury Sulphur Formic Plans.gtnh should process without errors 1`] = `
[
  {
    "crafterCount": 6.200805783333333,
    "id": "r~xg0_izvuOjyNniTiVb_lOg==",
    "overclockFactor": 1,
    "perfectOverclocks": 0,
    "powerFactor": 1,
    "recipesPerMinute": 18.60241735,
  },
  {
    "crafterCount": 12.153579335333333,
    "id": "r~cvVilRg2MMes7NVl-8Fthg==",
    "overclockFactor": 1,
    "perfectOverclocks": 0,
    "powerFactor": 1,
    "recipesPerMinute": 18.60241735,
  },
  {
    "crafterCount": 2.480322336,
    "id": "r~8pzLUf2OPfuTgJv2EMCufg==",
    "overclockFactor": 1,
    "perfectOverclocks": 0,
    "powerFactor": 1,
    "recipesPerMinute": 0.51673382,
  },
  {
    "crafterCount": 0.32795371500000003,
    "id": "r~NNt5HPcFOUeeGxpk7sVTJA==",
    "overclockFactor": 1,
    "perfectOverclocks": 0,
    "powerFactor": 1,
    "recipesPerMinute": 0.11574837,
  },
  {
    "crafterCount": 0.051651079999999995,
    "id": "r~5CozmSF-OgOeq8r9xLa3Tg==",
    "overclockFactor": 1,
    "perfectOverclocks": 0,
    "powerFactor": 1,
    "recipesPerMinute": 0.03873831,
  },
  {
    "crafterCount": 0.08217564999999999,
    "id": "r~1IHvfsg3OzOJ8PsT5aL6-A==",
    "overclockFactor": 1,
    "perfectOverclocks": 0,
    "powerFactor": 1,
    "recipesPerMinute": 0.01643513,
  },
  {
    "crafterCount": 0.5555921984,
    "id": "r~1iM3OAGhOquvEiGIbeW4Ow==",
    "overclockFactor": 1,
    "perfectOverclocks": 0,
    "powerFactor": 1,
    "recipesPerMinute": 3.47245124,
  },
  {
    "crafterCount": 0.04842289,
    "id": "r~Ypoytta6PUeIoQetrBcqEQ==",
    "overclockFactor": 1,
    "perfectOverclocks": 0,
    "powerFactor": 1,
    "recipesPerMinute": 0.19369156,
  },
  {
    "crafterCount": 0.02685856355555555,
    "id": "r~DRJNvCGzPzanJxQjYSURqQ==",
    "overclockFactor": 1.5,
    "perfectOverclocks": 0,
    "powerFactor": 0.6666666666666666,
    "recipesPerMinute": 0.15107942,
  },
  {
    "crafterCount": 0.015107942000000001,
    "id": "r~ly_R_DXrPlq80dNNmDbJ3g==",
    "overclockFactor": 1,
    "perfectOverclocks": 0,
    "powerFactor": 1,
    "recipesPerMinute": 1.13309565,
  },
  {
    "crafterCount": 0.23958333333333331,
    "id": "r~K2vHeVQ0M3OdlvUlgrT3_w==",
    "overclockFactor": 1,
    "perfectOverclocks": 0,
    "powerFactor": 1,
    "recipesPerMinute": 12.5,
  },
  {
    "crafterCount": 0.4166666666666667,
    "id": "r~lruKm6BmMuuOj1jTOE7RWg==",
    "overclockFactor": 1,
    "perfectOverclocks": 0,
    "powerFactor": 1,
    "recipesPerMinute": 25,
  },
  {
    "crafterCount": 2.083333333333333,
    "id": "r~dcTfAoT7MFaMF-y1nsM4-w==",
    "overclockFactor": 1,
    "perfectOverclocks": 0,
    "powerFactor": 1,
    "recipesPerMinute": 25,
  },
  {
    "crafterCount": 1.5181926566666668,
    "id": "r~cxVOrA_xMNKlwFL1Ba38Gg==",
    "overclockFactor": 1,
    "perfectOverclocks": 0,
    "powerFactor": 1,
    "recipesPerMinute": 18.21831188,
  },
  {
    "crafterCount": 0.21688466499999998,
    "id": "r~QZUwnDNLOg2Xu87PEwxc8g==",
    "overclockFactor": 1,
    "perfectOverclocks": 0,
    "powerFactor": 1,
    "recipesPerMinute": 2.60261598,
  },
  {
    "crafterCount": 0.01085141,
    "id": "r~WxY1bWTLMCmQIRlHmyNwow==",
    "overclockFactor": 16,
    "perfectOverclocks": 2,
    "powerFactor": 1,
    "recipesPerMinute": 0.34724512,
  },
  {
    "crafterCount": 0.01953125,
    "id": "r~rubYs3BnNo-BpmK8siw1Rw==",
    "overclockFactor": 16,
    "perfectOverclocks": 2,
    "powerFactor": 1,
    "recipesPerMinute": 25,
  },
  {
    "crafterCount": 0.009765625,
    "id": "r~ZFswn57wMEm6i7rJwzoaUw==",
    "overclockFactor": 16,
    "perfectOverclocks": 2,
    "powerFactor": 1,
    "recipesPerMinute": 12.5,
  },
  {
    "crafterCount": 0.0010502329833333333,
    "id": "r~k4bMUY3zOX2sTAZFAwDSzA==",
    "overclockFactor": 4,
    "perfectOverclocks": 1,
    "powerFactor": 1,
    "recipesPerMinute": 1.26027958,
  },
  {
    "crafterCount": 0.17361111125,
    "id": "r~d9988D9oPvSvRT3iaDnTVA==",
    "overclockFactor": 1,
    "perfectOverclocks": 0,
    "powerFactor": 1,
    "recipesPerMinute": 1.38888889,
  },
  {
    "crafterCount": 0.0406658746875,
    "id": "r~-EfOIORDPeO4SFa6d4s9Zg==",
    "overclockFactor": 16,
    "perfectOverclocks": 2,
    "powerFactor": 1,
    "recipesPerMinute": 2.60261598,
  },
  {
    "crafterCount": 0.05422116635416666,
    "id": "r~A-XC2pULMEqhEiwFW8amiw==",
    "overclockFactor": 16,
    "perfectOverclocks": 2,
    "powerFactor": 1,
    "recipesPerMinute": 5.20523197,
  },
  {
    "crafterCount": 0.0433769330625,
    "id": "r~lEXNoPbSNJSAD_GYnsG-1w==",
    "overclockFactor": 16,
    "perfectOverclocks": 2,
    "powerFactor": 1,
    "recipesPerMinute": 20.82092787,
  },
  {
    "crafterCount": 0.0125899515,
    "id": "r~Dp8SQuMsMPubu0YT6WlnHw==",
    "overclockFactor": 16,
    "perfectOverclocks": 2,
    "powerFactor": 1,
    "recipesPerMinute": 0.33573204,
  },
  {
    "crafterCount": 0.004822849125,
    "id": "r~hjF_sG-dODy2dcvkL-i-yw==",
    "overclockFactor": 16,
    "perfectOverclocks": 2,
    "powerFactor": 1,
    "recipesPerMinute": 0.12860931,
  },
  {
    "crafterCount": 0.01446854675,
    "id": "r~e1dMvV0lMrepmz17OkOHsg==",
    "overclockFactor": 4,
    "perfectOverclocks": 1,
    "powerFactor": 0.9025,
    "recipesPerMinute": 0.57874187,
  },
  {
    "crafterCount": 0.028937094000000003,
    "id": "r~MakUO-PPNMuvrbS-YXRz_g==",
    "overclockFactor": 2,
    "perfectOverclocks": 0,
    "powerFactor": 2,
    "recipesPerMinute": 0.28937094,
  },
  {
    "crafterCount": 0.0006028561250000001,
    "id": "r~--Q2m99FM6qa-7soQhVcCg==",
    "overclockFactor": 16,
    "perfectOverclocks": 2,
    "powerFactor": 1,
    "recipesPerMinute": 0.28937094,
  },
  {
    "crafterCount": 0.005305133900000001,
    "id": "r~XWFMmy-PNuWyL1IERPooSQ==",
    "overclockFactor": 1,
    "perfectOverclocks": 0,
    "powerFactor": 1,
    "recipesPerMinute": 0.28937094,
  },
  {
    "crafterCount": 0.0005478375000000001,
    "id": "r~705ZyGAIO8in6bf0kgJS4g==",
    "overclockFactor": 1,
    "perfectOverclocks": 0,
    "powerFactor": 1,
    "recipesPerMinute": 0.00469575,
  },
]
`;

exports[`Solver Processing Nitrobenzene.gtnh should process without errors 1`] = `
[
  {
    "crafterCount": 1.05,
    "id": "r~oHhcLWHZPv6s0DtgK38jiw==",
    "overclockFactor": 1,
    "perfectOverclocks": 0,
    "powerFactor": 1,
    "recipesPerMinute": 2.1,
  },
  {
    "crafterCount": 0.9375,
    "id": "r~DaiSHwngPtunSBzqDQfuvA==",
    "overclockFactor": 4,
    "perfectOverclocks": 0,
    "powerFactor": 4,
    "recipesPerMinute": 150,
  },
  {
    "crafterCount": 1,
    "id": "r~opmw47SMP7C7XoK5etPV0g==",
    "overclockFactor": 2,
    "perfectOverclocks": 0,
    "powerFactor": 2,
    "recipesPerMinute": 7.5,
  },
  {
    "crafterCount": 0.875,
    "id": "r~dY9AJxYdM1yU-sjjytgvQg==",
    "overclockFactor": 1,
    "perfectOverclocks": 0,
    "powerFactor": 1,
    "recipesPerMinute": 26.25,
  },
  {
    "crafterCount": 0.56,
    "id": "r~wsro2Fn0NA2OT-iCHWZ1rw==",
    "overclockFactor": 1,
    "perfectOverclocks": 0,
    "powerFactor": 1,
    "recipesPerMinute": 21,
  },
  {
    "crafterCount": 0.050555554833333335,
    "id": "r~Ak_OcW52MnmRZCxuHuMl4w==",
    "overclockFactor": 1,
    "perfectOverclocks": 0,
    "powerFactor": 1,
    "recipesPerMinute": 0.23333333,
  },
  {
    "crafterCount": 2.8,
    "id": "r~_S_QGJNlMVuNJgE-nZGArg==",
    "overclockFactor": 1,
    "perfectOverclocks": 0,
    "powerFactor": 1,
    "recipesPerMinute": 10.5,
  },
  {
    "crafterCount": 0.253125,
    "id": "r~eAFVb_KMPd6jU1omySQ9Zg==",
    "overclockFactor": 5.6,
    "perfectOverclocks": 0,
    "powerFactor": 0.32142857142857145,
    "recipesPerMinute": 3.9375,
  },
  {
    "crafterCount": 1,
    "id": "r~Hp4YkdOsNOCRXPcRpH4YRA==",
    "overclockFactor": 1,
    "perfectOverclocks": 0,
    "powerFactor": 1,
    "recipesPerMinute": 12,
  },
]
`;

exports[`Solver Processing Oxygen.gtnh should process without errors 1`] = `
[
  {
    "crafterCount": 0.32487309633333333,
    "id": "r~Zx5M8dmoMYOCvjAvTfJKmw==",
    "overclockFactor": 1,
    "perfectOverclocks": 0,
    "powerFactor": 1,
    "recipesPerMinute": 9.74619289,
  },
  {
    "crafterCount": 0.40609137083333335,
    "id": "r~KNFUVhzfOwq6mFtHoi7cjg==",
    "overclockFactor": 1,
    "perfectOverclocks": 0,
    "powerFactor": 1,
    "recipesPerMinute": 4.87309645,
  },
  {
    "crafterCount": 0.9746192893333333,
    "id": "r~YaW3X6b4O_SwqcLuUmt0bQ==",
    "overclockFactor": 1,
    "perfectOverclocks": 0,
    "powerFactor": 1,
    "recipesPerMinute": 14.61928934,
  },
  {
    "crafterCount": 0.12182741116666666,
    "id": "r~qb2P1J_2PJaw3Ho18q4cig==",
    "overclockFactor": 1,
    "perfectOverclocks": 0,
    "powerFactor": 1,
    "recipesPerMinute": 14.61928934,
  },
  {
    "crafterCount": 0.12182741116666666,
    "id": "r~2xThPnRqPJmesxIQ6rorFA==",
    "overclockFactor": 1,
    "perfectOverclocks": 0,
    "powerFactor": 1,
    "recipesPerMinute": 7.30964467,
  },
  {
    "crafterCount": 0.06091370558333333,
    "id": "r~vCIgnPLvPtaAXOM9ybTb2Q==",
    "overclockFactor": 1,
    "perfectOverclocks": 0,
    "powerFactor": 1,
    "recipesPerMinute": 7.30964467,
  },
  {
    "crafterCount": 0.06091370558333333,
    "id": "r~nhMX_iitMiiwky68o_o5Ag==",
    "overclockFactor": 1,
    "perfectOverclocks": 0,
    "powerFactor": 1,
    "recipesPerMinute": 7.30964467,
  },
]
`;

exports[`Solver Processing Platline.gtnh should process without errors 1`] = `
[
  {
    "crafterCount": 0.08370535664062499,
    "id": "r~wQh6-ivoP-ypqW5-Wg0G4Q==",
    "overclockFactor": 16,
    "perfectOverclocks": 2,
    "powerFactor": 1,
    "recipesPerMinute": 0.71428571,
  },
  {
    "crafterCount": 0.208333335,
    "id": "r~6e8yNa47PW2X-pZz5BCaBQ==",
    "overclockFactor": 1,
    "perfectOverclocks": 0,
    "powerFactor": 1,
    "recipesPerMinute": 0.35714286,
  },
  {
    "crafterCount": 2.857142855,
    "id": "r~yNGXyzctMyOA2P1elXuagQ==",
    "overclockFactor": 1,
    "perfectOverclocks": 0,
    "powerFactor": 1,
    "recipesPerMinute": 5.71428571,
  },
  {
    "crafterCount": 0.904761905,
    "id": "r~vuu2rZ82Prq38HjtC49TzQ==",
    "overclockFactor": 1,
    "perfectOverclocks": 0,
    "powerFactor": 1,
    "recipesPerMinute": 5.42857143,
  },
  {
    "crafterCount": 0.0022321428750000003,
    "id": "r~tr4LppjYNN2G1Hml9L6aFQ==",
    "overclockFactor": 4,
    "perfectOverclocks": 0,
    "powerFactor": 4,
    "recipesPerMinute": 0.35714286,
  },
  {
    "crafterCount": 0.004017857175,
    "id": "r~0OGphknuNJOqPi_j63HBvw==",
    "overclockFactor": 2,
    "perfectOverclocks": 0,
    "powerFactor": 2,
    "recipesPerMinute": 0.35714286,
  },
  {
    "crafterCount": 0.040178571375,
    "id": "r~m1OX8a5BMQa8OD1tIPT68A==",
    "overclockFactor": 2,
    "perfectOverclocks": 0,
    "powerFactor": 2,
    "recipesPerMinute": 3.21428571,
  },
  {
    "crafterCount": 0.026785714333333332,
    "id": "r~0LjH8tPBMXy_rPTPxOyRrg==",
    "overclockFactor": 16,
    "perfectOverclocks": 2,
    "powerFactor": 1,
    "recipesPerMinute": 1.60714286,
  },
  {
    "crafterCount": 0.0015249595,
    "id": "r~IefPsWrON5e0h8fAlVuebQ==",
    "overclockFactor": 1,
    "perfectOverclocks": 0,
    "powerFactor": 1,
    "recipesPerMinute": 0.03049919,
  },
  {
    "crafterCount": 0.8592,
    "id": "r~zitUERrJPTmV5Uq_mIKFTw==",
    "overclockFactor": 1,
    "perfectOverclocks": 0,
    "powerFactor": 1,
    "recipesPerMinute": 3.222,
  },
  {
    "crafterCount": 0.2881402595,
    "id": "r~8FjJKRihO0ud-q63kwD3Gg==",
    "overclockFactor": 1,
    "perfectOverclocks": 0,
    "powerFactor": 1,
    "recipesPerMinute": 5.76280519,
  },
  {
    "crafterCount": 0.041142856,
    "id": "r~isenCJT_MtGn3kvH1Q4mxw==",
    "overclockFactor": 1,
    "perfectOverclocks": 0,
    "powerFactor": 1,
    "recipesPerMinute": 0.15428571,
  },
  {
    "crafterCount": 1.1015384666666665,
    "id": "r~5CozmSF-OgOeq8r9xLa3Tg==",
    "overclockFactor": 1,
    "perfectOverclocks": 0,
    "powerFactor": 1,
    "recipesPerMinute": 0.82615385,
  },
  {
    "crafterCount": 0.1290865384375,
    "id": "r~Ypoytta6PUeIoQetrBcqEQ==",
    "overclockFactor": 8,
    "perfectOverclocks": 0,
    "powerFactor": 1,
    "recipesPerMinute": 4.13076923,
  },
  {
    "crafterCount": 12.728766233333333,
    "id": "r~epfHDjjYMHiXvL46D-psuQ==",
    "overclockFactor": 1,
    "perfectOverclocks": 0,
    "powerFactor": 1,
    "recipesPerMinute": 15.27451948,
  },
  {
    "crafterCount": 3.67346939,
    "id": "r~pMPqnAZcOvezrSqqqsOA9A==",
    "overclockFactor": 1,
    "perfectOverclocks": 0,
    "powerFactor": 1,
    "recipesPerMinute": 7.34693878,
  },
  {
    "crafterCount": 0.86096938125,
    "id": "r~cM4gFPskOIezTTJYHti9cQ==",
    "overclockFactor": 1,
    "perfectOverclocks": 0,
    "powerFactor": 1,
    "recipesPerMinute": 0.45918367,
  },
  {
    "crafterCount": 0.04783163333333333,
    "id": "r~zGXNxD7bMRiXezvT9TPv2w==",
    "overclockFactor": 1,
    "perfectOverclocks": 0,
    "powerFactor": 1,
    "recipesPerMinute": 0.22959184,
  },
  {
    "crafterCount": 0.5931122458333333,
    "id": "r~4t1Pi95eM9qhOzz6oYfUeg==",
    "overclockFactor": 1,
    "perfectOverclocks": 0,
    "powerFactor": 1,
    "recipesPerMinute": 2.84693878,
  },
  {
    "crafterCount": 0.11904761833333333,
    "id": "r~2imLgzdaOZSo8pXaO3VPjw==",
    "overclockFactor": 1,
    "perfectOverclocks": 0,
    "powerFactor": 1,
    "recipesPerMinute": 0.71428571,
  },
  {
    "crafterCount": 0.04633766133333333,
    "id": "r~TF7XJPZLMt6y_n9Jg73Gwg==",
    "overclockFactor": 1,
    "perfectOverclocks": 0,
    "powerFactor": 1,
    "recipesPerMinute": 0.17376623,
  },
  {
    "crafterCount": 0.00649351,
    "id": "r~h2wj8vOeMzKwgVxc2xlD6g==",
    "overclockFactor": 1,
    "perfectOverclocks": 0,
    "powerFactor": 1,
    "recipesPerMinute": 0.00649351,
  },
  {
    "crafterCount": 0.064285715,
    "id": "r~52dieUdiOAGg-MCRM3U9gg==",
    "overclockFactor": 1,
    "perfectOverclocks": 0,
    "powerFactor": 1,
    "recipesPerMinute": 0.25714286,
  },
  {
    "crafterCount": 0.064285715,
    "id": "r~vbNn53tuN1eOLJD9ft4XqA==",
    "overclockFactor": 1,
    "perfectOverclocks": 0,
    "powerFactor": 1,
    "recipesPerMinute": 0.25714286,
  },
  {
    "crafterCount": 0.019285714250000002,
    "id": "r~XqzPt-xZMi-sQk862hF4xQ==",
    "overclockFactor": 1,
    "perfectOverclocks": 0,
    "powerFactor": 1,
    "recipesPerMinute": 0.77142857,
  },
  {
    "crafterCount": 0.0385714275,
    "id": "r~H_pzwkgZNouYwV0fPVH3Pw==",
    "overclockFactor": 1,
    "perfectOverclocks": 0,
    "powerFactor": 1,
    "recipesPerMinute": 0.15428571,
  },
  {
    "crafterCount": 0.077142855,
    "id": "r~X3cIaj5jNsWTAnasnHmrCA==",
    "overclockFactor": 1,
    "perfectOverclocks": 0,
    "powerFactor": 1,
    "recipesPerMinute": 0.15428571,
  },
  {
    "crafterCount": 0.0366428575,
    "id": "r~jru56OjSMROEOWF0qVdr_w==",
    "overclockFactor": 1,
    "perfectOverclocks": 0,
    "powerFactor": 1,
    "recipesPerMinute": 0.14657143,
  },
  {
    "crafterCount": 0.0366428575,
    "id": "r~5_rcj8wYObmgOpZnuOfuEA==",
    "overclockFactor": 1,
    "perfectOverclocks": 0,
    "powerFactor": 1,
    "recipesPerMinute": 0.14657143,
  },
  {
    "crafterCount": 0.0366428575,
    "id": "r~G-_eHXqzO0GD45ssKkYACQ==",
    "overclockFactor": 1,
    "perfectOverclocks": 0,
    "powerFactor": 1,
    "recipesPerMinute": 0.14657143,
  },
  {
    "crafterCount": 0.0010285714,
    "id": "r~kcqJ4g98OfeVQitXw1cchg==",
    "overclockFactor": 1,
    "perfectOverclocks": 0,
    "powerFactor": 1,
    "recipesPerMinute": 0.15428571,
  },
  {
    "crafterCount": 0.4464285725,
    "id": "r~0-j1XaUnP8W8YE2MLAoSOQ==",
    "overclockFactor": 1,
    "perfectOverclocks": 0,
    "powerFactor": 1,
    "recipesPerMinute": 1.78571429,
  },
  {
    "crafterCount": 0.0056818181,
    "id": "r~0E39gtWlOCG9LMrRE4J5dA==",
    "overclockFactor": 1,
    "perfectOverclocks": 0,
    "powerFactor": 1,
    "recipesPerMinute": 0.16233766,
  },
  {
    "crafterCount": 0.008658008533333334,
    "id": "r~LSn4fyAaNK6jkJJlUSSe0A==",
    "overclockFactor": 1,
    "perfectOverclocks": 0,
    "powerFactor": 1,
    "recipesPerMinute": 0.32467532,
  },
  {
    "crafterCount": 0.0105519479,
    "id": "r~wK3cZxmGPCi3SlC7m425rw==",
    "overclockFactor": 1,
    "perfectOverclocks": 0,
    "powerFactor": 1,
    "recipesPerMinute": 0.32467532,
  },
  {
    "crafterCount": 0.005571428633333333,
    "id": "r~Ic3yTLIFO-qqZ6NeNvjikA==",
    "overclockFactor": 1,
    "perfectOverclocks": 0,
    "powerFactor": 1,
    "recipesPerMinute": 0.25714286,
  },
  {
    "crafterCount": 0.012337661666666666,
    "id": "r~CssUsJRmNbuzDNguZebxUg==",
    "overclockFactor": 1,
    "perfectOverclocks": 0,
    "powerFactor": 1,
    "recipesPerMinute": 0.07402597,
  },
  {
    "crafterCount": 0.0061688312499999995,
    "id": "r~xDD_lTDhMdaw1icPRS82VQ==",
    "overclockFactor": 1,
    "perfectOverclocks": 0,
    "powerFactor": 1,
    "recipesPerMinute": 0.14805195,
  },
  {
    "crafterCount": 0.0092532475,
    "id": "r~_ksvJY-rPUSz0fjEKZ2CFQ==",
    "overclockFactor": 1,
    "perfectOverclocks": 0,
    "powerFactor": 1,
    "recipesPerMinute": 0.03701299,
  },
  {
    "crafterCount": 0.08327922,
    "id": "r~JR-hI5SMNLOyskxiHBPilQ==",
    "overclockFactor": 1,
    "perfectOverclocks": 0,
    "powerFactor": 1,
    "recipesPerMinute": 0.33311688,
  },
  {
    "crafterCount": 0.0925324625,
    "id": "r~kvIiXeauM4SCV4XhubeWUA==",
    "overclockFactor": 1,
    "perfectOverclocks": 0,
    "powerFactor": 1,
    "recipesPerMinute": 0.07402597,
  },
  {
    "crafterCount": 0.014657142775000001,
    "id": "r~zpFWzzlXOzWpvhW5me3qFg==",
    "overclockFactor": 1,
    "perfectOverclocks": 0,
    "powerFactor": 1,
    "recipesPerMinute": 0.53298701,
  },
  {
    "crafterCount": 0.1332467525,
    "id": "r~KzuQtPiiOLml2uiPpl58HA==",
    "overclockFactor": 1,
    "perfectOverclocks": 0,
    "powerFactor": 1,
    "recipesPerMinute": 0.53298701,
  },
  {
    "crafterCount": 0.018506493333333332,
    "id": "r~69nvUSG0NVGpsijx3Edzdg==",
    "overclockFactor": 1,
    "perfectOverclocks": 0,
    "powerFactor": 1,
    "recipesPerMinute": 0.22207792,
  },
  {
    "crafterCount": 0.02775974,
    "id": "r~apzRTCp_PUit0Hg5Lgl9Hg==",
    "overclockFactor": 1,
    "perfectOverclocks": 0,
    "powerFactor": 1,
    "recipesPerMinute": 0.22207792,
  },
  {
    "crafterCount": 0.0055519475,
    "id": "r~Himt8YD6PZud6pX1X-Stmg==",
    "overclockFactor": 1,
    "perfectOverclocks": 0,
    "powerFactor": 1,
    "recipesPerMinute": 0.02220779,
  },
  {
    "crafterCount": 0.037012986666666664,
    "id": "r~vW4NWbhyOFSLqSe1bw0zNw==",
    "overclockFactor": 1,
    "perfectOverclocks": 0,
    "powerFactor": 1,
    "recipesPerMinute": 0.22207792,
  },
  {
    "crafterCount": 0.05551948,
    "id": "r~iT2RlgDsNNGB6OyF6fGI2A==",
    "overclockFactor": 1,
    "perfectOverclocks": 0,
    "powerFactor": 1,
    "recipesPerMinute": 0.22207792,
  },
  {
    "crafterCount": 0.05551948,
    "id": "r~-mIZykKDPHWxSi2ju40Bjg==",
    "overclockFactor": 1,
    "perfectOverclocks": 0,
    "powerFactor": 1,
    "recipesPerMinute": 0.22207792,
  },
  {
    "crafterCount": 0.05551948,
    "id": "r~SPTaZ50AO8WaOYE2EotNQA==",
    "overclockFactor": 1,
    "perfectOverclocks": 0,
    "powerFactor": 1,
    "recipesPerMinute": 0.22207792,
  },
  {
    "crafterCount": 0.0199870131,
    "id": "r~iL4olhulOFu_xxuJlz1ctg==",
    "overclockFactor": 1,
    "perfectOverclocks": 0,
    "powerFactor": 1,
    "recipesPerMinute": 0.66623377,
  },
  {
    "crafterCount": 0.0049967532,
    "id": "r~0OGphknuNJOqPi_j63HBvw==",
    "overclockFactor": 1,
    "perfectOverclocks": 0,
    "powerFactor": 1,
    "recipesPerMinute": 0.22207792,
  },
  {
    "crafterCount": 0.0027759740000000005,
    "id": "r~VDPcXyUwPke5sPWdfA0XZg==",
    "overclockFactor": 1,
    "perfectOverclocks": 0,
    "powerFactor": 1,
    "recipesPerMinute": 0.11103896,
  },
  {
    "crafterCount": 0.00166558425,
    "id": "r~gX9W-nqeMweZQaTQtt6LJA==",
    "overclockFactor": 1,
    "perfectOverclocks": 0,
    "powerFactor": 1,
    "recipesPerMinute": 0.04441558,
  },
  {
    "crafterCount": 0.005739795875,
    "id": "r~ZFswn57wMEm6i7rJwzoaUw==",
    "overclockFactor": 1,
    "perfectOverclocks": 0,
    "powerFactor": 1,
    "recipesPerMinute": 0.45918367,
  },
  {
    "crafterCount": 0.011479591875,
    "id": "r~rubYs3BnNo-BpmK8siw1Rw==",
    "overclockFactor": 1,
    "perfectOverclocks": 0,
    "powerFactor": 1,
    "recipesPerMinute": 0.91836735,
  },
  {
    "crafterCount": 0.01147959175,
    "id": "r~OAZ6jQGPNO-7pNyNKDjNXQ==",
    "overclockFactor": 1,
    "perfectOverclocks": 0,
    "powerFactor": 1,
    "recipesPerMinute": 0.45918367,
  },
  {
    "crafterCount": 0.153061225,
    "id": "r~Up7mwrByN-mANETOLOjf4g==",
    "overclockFactor": 1,
    "perfectOverclocks": 0,
    "powerFactor": 1,
    "recipesPerMinute": 0.91836735,
  },
  {
    "crafterCount": 0.30612244666666666,
    "id": "r~WwpXPkVMMnyh5Uut9X6M7Q==",
    "overclockFactor": 1,
    "perfectOverclocks": 0,
    "powerFactor": 1,
    "recipesPerMinute": 0.45918367,
  },
]
`;

exports[`Solver Processing Polyphenylene.gtnh should process without errors 1`] = `
[
  {
    "crafterCount": 0.2,
    "id": "r~gnFsu0AtO2a8cVM1dXFMRw==",
    "overclockFactor": 1,
    "perfectOverclocks": 0,
    "powerFactor": 1,
    "recipesPerMinute": 1,
  },
  {
    "crafterCount": 0.2,
    "id": "r~p7IvAziPMdqruAPnUfkrRg==",
    "overclockFactor": 1,
    "perfectOverclocks": 0,
    "powerFactor": 1,
    "recipesPerMinute": 1,
  },
  {
    "crafterCount": 0.05,
    "id": "r~K_D7nOQ-OjSjgdGcimEJyQ==",
    "overclockFactor": 1,
    "perfectOverclocks": 0,
    "powerFactor": 1,
    "recipesPerMinute": 1,
  },
  {
    "crafterCount": 0.5333333333333333,
    "id": "r~TF7XJPZLMt6y_n9Jg73Gwg==",
    "overclockFactor": 1,
    "perfectOverclocks": 0,
    "powerFactor": 1,
    "recipesPerMinute": 2,
  },
  {
    "crafterCount": 1.2,
    "id": "r~6ssKZDNqN4GCHgRZ9lem9w==",
    "overclockFactor": 1,
    "perfectOverclocks": 0,
    "powerFactor": 1,
    "recipesPerMinute": 2,
  },
]
`;

exports[`Solver Processing Test ore proc.gtnh should process without errors 1`] = `
[
  {
    "crafterCount": 0.08680555555555554,
    "id": "r~LthoxI6UPgCI9auvW06xrg==",
    "overclockFactor": 38.400000000000006,
    "perfectOverclocks": 0,
    "powerFactor": 2.5,
    "recipesPerMinute": 10,
  },
  {
    "crafterCount": 0.1111111111111111,
    "id": "r~_bO9DbTuMAmxaRxSblCKig==",
    "overclockFactor": 120,
    "perfectOverclocks": 0,
    "powerFactor": 0.4,
    "recipesPerMinute": 20,
  },
  {
    "crafterCount": 0.17361111111111108,
    "id": "r~ZAR3A8_cNweQ9WCobx2q4w==",
    "overclockFactor": 38.400000000000006,
    "perfectOverclocks": 0,
    "powerFactor": 2.5,
    "recipesPerMinute": 20,
  },
  {
    "crafterCount": 0.10370370370370371,
    "id": "r~cFUBZ7exNA6KcgC6Au2bDg==",
    "overclockFactor": 81,
    "perfectOverclocks": 0,
    "powerFactor": 0.8,
    "recipesPerMinute": 20,
  },
  {
    "crafterCount": 0.04340277777777777,
    "id": "r~vKYuIkbWNSK0Am1OcMaJQg==",
    "overclockFactor": 38.400000000000006,
    "perfectOverclocks": 0,
    "powerFactor": 2.5,
    "recipesPerMinute": 5,
  },
  {
    "crafterCount": 0.34722222222222227,
    "id": "r~Eeoe8eYyOHqLVD26Sa1SmQ==",
    "overclockFactor": 60,
    "perfectOverclocks": 0,
    "powerFactor": 0.2,
    "recipesPerMinute": 50,
  },
  {
    "crafterCount": 0.4340277777777777,
    "id": "r~eQD5ayWzPU-Wp3zHW7hxRQ==",
    "overclockFactor": 38.400000000000006,
    "perfectOverclocks": 0,
    "powerFactor": 2.5,
    "recipesPerMinute": 50,
  },
  {
    "crafterCount": 0.34979423868312753,
    "id": "r~GX27UMD2MTeUfu56vLZeWg==",
    "overclockFactor": 81,
    "perfectOverclocks": 0,
    "powerFactor": 0.8,
    "recipesPerMinute": 50,
  },
  {
    "crafterCount": 0.08680555555555554,
    "id": "r~sKTuaIxWNuSk_ZdwwDnMhQ==",
    "overclockFactor": 38.400000000000006,
    "perfectOverclocks": 0,
    "powerFactor": 2.5,
    "recipesPerMinute": 10,
  },
  {
    "crafterCount": 0.25641025641025644,
    "id": "r~S8-5qQEuP7iksdVDWjpXuQ==",
    "overclockFactor": 32.5,
    "perfectOverclocks": 0,
    "powerFactor": 0.32,
    "recipesPerMinute": 20,
  },
  {
    "crafterCount": 0.17361111111111108,
    "id": "r~qzk6uMquP2WhAQsZPG7R2Q==",
    "overclockFactor": 38.400000000000006,
    "perfectOverclocks": 0,
    "powerFactor": 2.5,
    "recipesPerMinute": 20,
  },
  {
    "crafterCount": 0.5,
    "id": "r~r4dlDN1zNl6sVqaJV4Z6CQ==",
    "overclockFactor": 4,
    "perfectOverclocks": 1,
    "powerFactor": 0.9025,
    "recipesPerMinute": 20,
  },
  {
    "crafterCount": 0.5,
    "id": "r~cfghbafANtC1ekHjRzMLxA==",
    "overclockFactor": 4,
    "perfectOverclocks": 1,
    "powerFactor": 0.9025,
    "recipesPerMinute": 10,
  },
  {
    "crafterCount": 0.04340277777777777,
    "id": "r~8VXs_8X7OOuho_C5et4XBg==",
    "overclockFactor": 38.400000000000006,
    "perfectOverclocks": 0,
    "powerFactor": 2.5,
    "recipesPerMinute": 5,
  },
  {
    "crafterCount": 0.06944444444444445,
    "id": "r~l2eQKbtAMfak66VwtLwn8g==",
    "overclockFactor": 60,
    "perfectOverclocks": 0,
    "powerFactor": 0.2,
    "recipesPerMinute": 10,
  },
  {
    "crafterCount": 0.1111111111111111,
    "id": "r~39PKcRcFMge5yTyalFKmnQ==",
    "overclockFactor": 60,
    "perfectOverclocks": 0,
    "powerFactor": 0.15,
    "recipesPerMinute": 10,
  },
  {
    "crafterCount": 0.04340277777777777,
    "id": "r~zxH4ywdANBKqVK5l8rM1bw==",
    "overclockFactor": 38.400000000000006,
    "perfectOverclocks": 0,
    "powerFactor": 2.5,
    "recipesPerMinute": 5,
  },
  {
    "crafterCount": 0.2777777777777778,
    "id": "r~jsNqKgKpMGCC28tYcvLyjg==",
    "overclockFactor": 60,
    "perfectOverclocks": 0,
    "powerFactor": 0.2,
    "recipesPerMinute": 40,
  },
  {
    "crafterCount": 0.34722222222222215,
    "id": "r~aMhsOzEhMnK-Em3HqQCr5g==",
    "overclockFactor": 38.400000000000006,
    "perfectOverclocks": 0,
    "powerFactor": 2.5,
    "recipesPerMinute": 40,
  },
  {
    "crafterCount": 0.06584362139917695,
    "id": "r~jZLm8pQMOxK7yMuqoIkHtg==",
    "overclockFactor": 81,
    "perfectOverclocks": 0,
    "powerFactor": 0.8,
    "recipesPerMinute": 40,
  },
  {
    "crafterCount": 0.11904761904761905,
    "id": "r~NZrPmj5uOr6X9C5IhSL2Bw==",
    "overclockFactor": 2.8,
    "perfectOverclocks": 0,
    "powerFactor": 0.32142857142857145,
    "recipesPerMinute": 4,
  },
  {
    "crafterCount": 1.0666666666666667,
    "id": "r~lm_d8dlwORSy_JGlmk0SZg==",
    "overclockFactor": 2,
    "perfectOverclocks": 0,
    "powerFactor": 2,
    "recipesPerMinute": 20,
  },
  {
    "crafterCount": 0,
    "id": "r~g6unjiXGPMyLx_5z372PHw==",
    "overclockFactor": 1,
    "perfectOverclocks": 0,
    "powerFactor": 1,
    "recipesPerMinute": 20,
  },
  {
    "crafterCount": 0.7185185191111111,
    "id": "r~wjHhkfjTN5uBB-OT8VxWJw==",
    "overclockFactor": 40.5,
    "perfectOverclocks": 0,
    "powerFactor": 0.4,
    "recipesPerMinute": 4.04166667,
  },
  {
    "crafterCount": 0.018043154742063496,
    "id": "r~19QVE_8rOxywIEHunCL9Lg==",
    "overclockFactor": 16.799999999999997,
    "perfectOverclocks": 0,
    "powerFactor": 0.32142857142857145,
    "recipesPerMinute": 1.39903846,
  },
  {
    "crafterCount": 0.007654671666666667,
    "id": "r~3ZDvQfKLOM-VXs03MkGWDg==",
    "overclockFactor": 11.2,
    "perfectOverclocks": 0,
    "powerFactor": 0.32142857142857145,
    "recipesPerMinute": 0.36742424,
  },
  {
    "crafterCount": 1.63724925,
    "id": "r~nCsplWJTPt-NsgTngfkNfQ==",
    "overclockFactor": 2.25,
    "perfectOverclocks": 0,
    "powerFactor": 0.4,
    "recipesPerMinute": 0.33680556,
  },
  {
    "crafterCount": 0.0027064732500000008,
    "id": "r~3wLpYq4GPuSuQ0VR5zugpg==",
    "overclockFactor": 16.799999999999997,
    "perfectOverclocks": 0,
    "powerFactor": 0.32142857142857145,
    "recipesPerMinute": 0.07772436,
  },
  {
    "crafterCount": 0.0022721010000000008,
    "id": "r~C9yxeF7hOr6M9kdLq7caqQ==",
    "overclockFactor": 16.799999999999997,
    "perfectOverclocks": 0,
    "powerFactor": 0.32142857142857145,
    "recipesPerMinute": 0.22453704,
  },
  {
    "crafterCount": 0.0015035962500000004,
    "id": "r~jHk16yXhMaePaG-WugGJ1w==",
    "overclockFactor": 16.799999999999997,
    "perfectOverclocks": 0,
    "powerFactor": 0.32142857142857145,
    "recipesPerMinute": 0.14434524,
  },
  {
    "crafterCount": 0.0808333328,
    "id": "r~xlp8A7X3OgK5-UKLy2W0pQ==",
    "overclockFactor": 2,
    "perfectOverclocks": 0,
    "powerFactor": 2,
    "recipesPerMinute": 0.73484848,
  },
]
`;

exports[`Solver Processing Tungsten.gtnh should process without errors 1`] = `
[
  {
    "crafterCount": 7.32,
    "id": "r~qtcy8ZviMqaPYbIGos4F9w==",
    "overclockFactor": 1,
    "perfectOverclocks": 0,
    "powerFactor": 1,
    "recipesPerMinute": 16,
  },
  {
    "crafterCount": 26.666666666666668,
    "id": "r~rIoTKaPxP6mnlSIf647ZOA==",
    "overclockFactor": 2,
    "perfectOverclocks": 0,
    "powerFactor": 2,
    "recipesPerMinute": 8,
  },
  {
    "crafterCount": 2.6666666666666665,
    "id": "r~yEe9piywPqqHB_38ezgiaQ==",
    "overclockFactor": 1,
    "perfectOverclocks": 0,
    "powerFactor": 1,
    "recipesPerMinute": 16,
  },
  {
    "crafterCount": 0.6666666666666666,
    "id": "r~jxcC0yyUPPOWkn42-7te4w==",
    "overclockFactor": 1,
    "perfectOverclocks": 0,
    "powerFactor": 1,
    "recipesPerMinute": 16,
  },
]
`;

exports[`Solver Processing Vinyl chloride.gtnh should process without errors 1`] = `
[
  {
    "crafterCount": 0.26666666666666666,
    "id": "r~TF7XJPZLMt6y_n9Jg73Gwg==",
    "overclockFactor": 1,
    "perfectOverclocks": 0,
    "powerFactor": 1,
    "recipesPerMinute": 1,
  },
  {
    "crafterCount": 0.06666666666666667,
    "id": "r~viwsIBLDN2C-ugToY8J0Ig==",
    "overclockFactor": 1,
    "perfectOverclocks": 0,
    "powerFactor": 1,
    "recipesPerMinute": 0.5,
  },
  {
    "crafterCount": 0.06666666666666667,
    "id": "r~M65ngGgOMAuQJvwNKRMhig==",
    "overclockFactor": 1,
    "perfectOverclocks": 0,
    "powerFactor": 1,
    "recipesPerMinute": 0.5,
  },
  {
    "crafterCount": 0.9333333333333333,
    "id": "r~Y4EOqPKYOpKmp0js-F02Hw==",
    "overclockFactor": 1,
    "perfectOverclocks": 0,
    "powerFactor": 1,
    "recipesPerMinute": 1,
  },
]
`;
